                                                                                                                                                                                                                                                                                                                                                                                                                                                                                                 |~0
                                                                                                                                                                                                                                                                                                                                                                                                                                                                                                 |~0
                                                                                                                                                                                                                                                                                                                                                                                                                                                                                                 |~0
                                                                                                                                                                                                                                                                                                                                                                                                                                                                                                 |~0
                                                                                                                                                                                                                                                                                                                                                                                                                                                                                                 |~0
                                                                                                                                                                                                                                                                                                                                                                                                                                                                                                 |~0
                                                                                                                                                                                                                                                                                                                                                                                                                                                                                                 |~0
                                                                                                                                                                                                                                                                                                                                                                                                                                                                                                 |~0
                                                                                                                                                                                                                                                                                                                                                                                                                                                                                                 |~0
                                                                                                                                                                                                                                                                                                                                                                                                                                                                                                 |~0
                                                                                                                                                                                                                                                                                                                                                                                                                                                                                                 |~0
                                                                                                                                                                                                                                                                                                                                                                                                                                                                                                 |~0
                                  B                                                                                                                                                                                                                                                                                                                                                                                                                                                              |~0
                 P                                                                                                                                                                                                                                                                                                                                                                                                                                                                               |~0
                           TTTTTTT           TTTTTTTT                                                                                                                                                                                                                                                                                                                                                                                                                                             |~0
                                TTTT       TTTT                                                               BE                     B                                                                                                                                                                                                                                                                                                                                                           |~0
                                   TTTTTTTTT                                                                                                                                                                                                                                                                                                                                                                                                                                      |~0
                                                                                                            TTTTTTTTTTTTTTTTTTTTTTTTTTTTTT                                                                                                                                                                                                                                     TTTTTTTTTTTTTTTTTTTTTTTTTTTTTT                                                                      |~0
                                                                                                                                                                                                                                                                                                                                                                                                                                                                                   |~0
              B                                                                                                                                                                                                                                                                                                                                                                                                                                                                    |~0
                                                          BE                                                                                                              TTTTTT                                                                                                                                                                                                                                                                                                   |~0
         TTTTTTTTTTTT                                                                                                                   E  B                        B     TTTTTT                                                                                                                                                        TTTTTTTTTTTTTTTTTTTTTTTTTTTTTT                                                                                                             |~0
                                                        TTTTTTTTTTTTTTTTTTTTTTTTTTTTTT                                                                                     TTTT                                B          B                                                                                                                                                                                                                                                        |~0
                                                                                                     B                                  TTTTTTTTTTTTTTTTTTTTTTTTTTTTTT     TTTT                                                           TTTTTT                                                              TTTTTTTTTTTTTTT                                                                                                                                                      |~0
                                                                                                                                                                           TTTT                               TTTTTTTTTTTTTTT             TTTTTT                                                                                                                                                                                                                                   |~0
                                                                                                    TTTTTT                                                                 TTTT                                                            TTTT                                                                                                                                                                                                                                    |~0
                                                                                                    TTTTTT                                                                 TTTT                                                            TTTT                                                                                                                                                                                                                                    |~0
       B                    E     B                         E    T                                   TTTT       B    E            B                      E B               TTTT E            B                          B               E  TTTT                                                                                                                                                                                                                                    |~0
                                                                 T                                   TTTT                                                                  TTTT                                                            TTTT                                                                                                                                                                                                           F                      |~0
TTTTTTTTTTTTTTTTTTTTTTTTTTTTTTTTTTTTTTTTTTTTTTTTTTTTTTTTTTTTTTTTTTTTTTTTTTTTTTTTTTTTTTTTTTTTTTTTTTTTTTTTTTTTTTTTTTTTTTTTTTTTTTTTTTTTTTTTTTTTTTTTTTTTTTTTTTTTTTTTTTTTTTTTTTTTTTTTTTTTTTTTTTTTTTTTTTTTTTTTTTTTTTTTTTTTTTTTTTTTTTTTTTTTTTTTTTTTTTTTTTTTTTTTTTTTTTTTTTTTTTTTTTTTTTTTTTTTTTTTTTTTTTTTTTTTTTTTTTTTTTTT                                                                                                              TTTTTTTTTTTTTT                               TTTTTT|~0
TTTTTTTTTTTTTTTTTTTTTTTTTTTTTTTTTTTTTTTTTTTTTTTTTTTTTTTTTTTTTTTTTTTTTTTTTTTTTTTTTTTTTTTTTTTTTTTTTTTTTTTTTTTTTTTTTTTTTTTTTTTTTTTTTTTTTTTTTTTTTTTTTTTTTTTTTTTTTTTTTTTTTTTTTTTTTTTTTTTTTTTTTTTTTTTTTTTTTTTTTTTTTTTTTTTTTTTTTTTTTTTTTTTTTTTTTTTTTTTTTTTTTTTTTTTTTTTTTTTTTTTTTTTTTTTTTTTTTTTTTTTTTTTTTTTTTTTTTTTTTTTT                                                                                                              TTTTTTTTTTTTTTTTTTTTTTTTT          TTTTTTTTTTTTTTTT|~0
TTTTTTTTTTTTTTTTTTTTTTTTTTTTTTTTTTTTTTTTTTTTTTTTTTTTTTTTTTTTTTTTTTTTTTTTTTTTTTTTTTTTTTTTTTTTTTTTTTTTTTTTTTTTTTTTTTTTTTTTTTTTTTTTTTTTTTTTTTTTTTTTTTTTTTTTTTTTTTTTTTTTTTTTTTTTTTTTTTTTTTTTTTTTTTTTTTTTTTTTTTTTTTTTTTTTTTTTTTTTTTTTTTTTTTTTTTTTTTTTTTTTTTTTTTTTTTTTTTTTTTTTTTTTTTTTTTTTTTTTTTTTTTTTTTTTTTTTTTTTTTTT                                                                                                              TTTTTTTTTTTTTTTTTTTTTTTTTTTTTTTTTTTTTTTTTTTTTTTTTTT|~0