                                                                                                                                                                                                                                                                                                                                                                                                                                 |~0
                                                                                                                                                                                                                                                                                                                                                                                                                                 |~0
                                                                                                                                                                                                                                                                                                                                                                                                                                 |~0
                                                                                                                                                                                                                                                                                                                                                                                                                                 |~0
                                                                                                                                                                                                                                                                                                                                                                                                                                 |~0
                                                                                                                                                                                                                                                                                                                                                                                                                                 |~0
                                                                                                                                                                                                                                                                                                                                                                                                                                 |~0
                                                                                                                                                                                                                                                                                                                                                                                                                                 |~0
                                                                                                                                                                                                                                                                                                                                                                                                                                 |~0
                                                                                                                                                                                                                                                                                                                                                                                                                                 |~0
                                                                                                                                                                                                                                                                                                                                                                                                                                 |~0
                                                                                                                                                                                                                                                                                                                                                                                                                                 |~0
                                                                                                                                                                                                                                                                                                                                                                                                                                 |~0
                                                                                                                                                                                                                                                                                                                                                                                                                                 |~0
                           TTTTTTTTTTTTTTTTTTTTTTTTT                                                                                                                                                                                                                                                                                                                                                                             |~0
                                                                                                                                                                                                                                                                                                                                                                                                                                 |~0
                                                                                                                                                                                                                                                                                                                                                                                                                                 |~0
                                                                                                            TTTTTTTTTTTTTTT                                                                                                                                                                                                                                                                                                      |~0
                   P                                                                                                                                                                                                                                                                                                                                                                                                             |~0
                                                                                                                                                                                                                                                                                                                                                                                                                                 |~0
                                                          B                                                                                                               TTTTTT                                                                                                                                                                                                                                                 |~0
         TTTTTTTTTTTT                                                                                                                                                     TTTTTT                                                                                                                                                            TTTTTTTTTTTTTTT                                                                      |~0
                                                        TTTTTTTTTTTTTTT                                                                                                    TTTT                                                                                                                                                                                                                                                  |~0
                                                                                                     B                                  TTTTTTTTTTTTTTTTTTTTTTTTTTTTTT     TTTT                                                           TTTTTT                                                              TTTTTTTTTTTTTTT                                                                                                    |~0
                                                                                                                                                                           TTTT                               TTTTTTTTTTTTTTT             TTTTTT                                                                                                                                                                                 |~0
                                                                                                    TTTTTT                                                                 TTTT                                                            TTTT                                                                                                                                                                                  |~0
                                                                                                    TTTTTT                                                                 TTTT                                                            TTTT                                          TTTTTTTTTTTTTTT                                                                                                                         |~0
       B                    E     B                         E    T                                   TTTT                                                                  TTTT                                                         E  TTTT                                                                                                                                                                                  |~0
                                                                 T                                   TTTT                                                                  TTTT                                                            TTTT                                                                                                                                                            F                     |~0
TTTTTTTTTTTTTTTTTTTTTTTTTTTTTTTTTTTTTTTTTTTTTTTTTTTTTTTTTTTTTTTTTTTTTTTTTTTTTTTTTTTTTTTTTTTTTTTTTTTTTTTTTTTTTTTTTTTTTTTTTTTTTTTTTTTTTTTTTTTTTTTTTTTTTTTTTTTTTTTTTTTTTTTTTTTTTTTTTTTTTTTTTTTTTTTTTTTTTTTTTTTTTTTTTTTTTTTTTTTTTTTTTTTTTTTTTTTTTTTTTTTTTTTTTTTTTTTTTTTTTTTTTTTTTTTTTTTTTTTTTTTTTTTTTTTTTTTTTTTTTTTTTTTTTTTTTTTTTTTTTTTTTTTTTTTTTTTTTTTTTTTTTTTTTTTTT             TTTTTTTTTTTTTT                               TTTTTT|~0
TTTTTTTTTTTTTTTTTTTTTTTTTTTTTTTTTTTTTTTTTTTTTTTTTTTTTTTTTTTTTTTTTTTTTTTTTTTTTTTTTTTTTTTTTTTTTTTTTTTTTTTTTTTTTTTTTTTTTTTTTTTTTTTTTTTTTTTTTTTTTTTTTTTTTTTTTTTTTTTTTTTTTTTTTTTTTTTTTTTTTTTTTTTTTTTTTTTTTTTTTTTTTTTTTTTTTTTTTTTTTTTTTTTTTTTTTTTTTTTTTTTTTTTTTTTTTTTTTTTTTTTTTTTTTTTTTTTTTTTTTTTTTTTTTTTTTTTTTTTTTTTTTTTTTTTTTTTTTTTTTTTTTTTTTTTTTTTTTTTTTTTTTTTTTTTTT             TTTTTTTTTTTTTTTTTTTTTTTTT          TTTTTTTTTTTTTTTT|~0
TTTTTTTTTTTTTTTTTTTTTTTTTTTTTTTTTTTTTTTTTTTTTTTTTTTTTTTTTTTTTTTTTTTTTTTTTTTTTTTTTTTTTTTTTTTTTTTTTTTTTTTTTTTTTTTTTTTTTTTTTTTTTTTTTTTTTTTTTTTTTTTTTTTTTTTTTTTTTTTTTTTTTTTTTTTTTTTTTTTTTTTTTTTTTTTTTTTTTTTTTTTTTTTTTTTTTTTTTTTTTTTTTTTTTTTTTTTTTTTTTTTTTTTTTTTTTTTTTTTTTTTTTTTTTTTTTTTTTTTTTTTTTTTTTTTTTTTTTTTTTTTTTTTTTTTTTTTTTTTTTTTTTTTTTTTTTTTTTTTTTTTTTTTTTTTTT             TTTTTTTTTTTTTTTTTTTTTTTTTTTTTTTTTTTTTTTTTTTTTTTTTTT|~0