                                                                                                                                                                                                                                                
                                                                                                                                                                                                                                                
                                                                                                                                                                                                                                                
                                                                                                                                                                                                                                                
                                                                                                                                                                                                                                                
                                                                                                                                                                                                                                                
                                                                                                                                                                                                                                                
                                                                                                                                                                                                                                                
                                                                                                                                                                                                                                                
                                                                                                                                                                                                                                                
                                                                                                                                                                                                                                                
                                                                                                                                                                                                                                                
                                                                                                                                                                                                                                                
                                                                                                                                                                                                                                                
                                                                                                                                                                                                                                                
                                                                                                                                                                                                                                                
                                                                                                                                                                                                                                                
                                                                                                                                                  TTTTTT                                                                                        
                                                                                                                                                                                                                                                
                                                                                                                                                                                                                                                
                                                                  E                                                                                                   B  E     B                                                                
                    P                                                                                                                                                                                                                           
                                                              TTTTTTTTTTTT                                                                                        TTTTTTTTTTTTTTTTTTT                                                           
                                                                                                                                                                                                                                                
                                                                                                                            TTTTTTTTTTTTT                                                                                                       
                                                                                                                                                                                                                                                
                                                                                                                                                                                                                                                
                             B                                                                                                                                                   B  E  B E                                                   F  
                                                                                                                                                                                                                                                
                       TTTTTTTTT                   TTTTTTTTTTTTTTT              TTTTTTTTTTTTTTTTTTTTTTTTTTTT        TTTTTTT           TTTTTTTTTTTTTTTTTTTTTTTTTT            TTTTTTTTTTTTTTTT                                 TTTTTTT            
TTTTTTTTTTTTTTTTTTTTTTTTTTTTTTTTTTTTTTTTTTTTTTTTTTTTTTTTTTTTTTTTTTTTTTTTTTTTTTTTTTTTTTTTTTTTTTTTTTTTTTTTTTTT        TTTTTTT           TTTTTTTTTTTTTTTTTTTTTTTTTTTTTTTTTTTTTTTTTTTTTTTTTTTTTTTTTTTTTTTTTTTTTTTTTTTTTTTTTTTTTTTTTTTTTTTTTTTTTTTTTT
TTTTTTTTTTTTTTTTTTTTTTTTTTTTTTTTTTTTTTTTTTTTTTTTTTTTTTTTTTTTTTTTTTTTTTTTTTTTTTTTTTTTTTTTTTTTTTTTTTTTTTTTTTTT        TTTTTTT           TTTTTTTTTTTTTTTTTTTTTTTTTTTTTTTTTTTTTTTTTTTTTTTTTTTTTTTTTTTTTTTTTTTTTTTTTTTTTTTTTTTTTTTTTTTTTTTTTTTTTTTTTT
